/home/douae/ENIB/CRS/WORKSPACE_RESCAPT_STM32CUBEIDE/rescapt/CMSIS/core/core_cm3.h:1524:22:NVIC_SetPriority	2
/home/douae/ENIB/CRS/WORKSPACE_RESCAPT_STM32CUBEIDE/rescapt/CMSIS/core/core_cm3.h:1616:22:NVIC_SystemReset	1
/home/douae/ENIB/CRS/WORKSPACE_RESCAPT_STM32CUBEIDE/rescapt/CMSIS/core/core_cm3.h:1656:26:SysTick_Config	2
../src/main.c:68:5:main	1
../src/main.c:216:6:rangeLuxTempHum_callback	5
../src/main.c:301:6:HAL_TIM_PeriodElapsedCallback	1
../src/main.c:308:6:can_callback	4
../src/main.c:346:6:VL6180x_Init	1
../src/main.c:375:6:VL6180x_Step	13
